Classic Timing Analyzer report for ROM
Mon Jan 27 14:49:22 2020
Quartus II Version 9.1 Build 350 03/24/2010 Service Pack 2 SJ Web Edition


---------------------
; Table of Contents ;
---------------------
  1. Legal Notice
  2. Timing Analyzer Summary
  3. Timing Analyzer Settings
  4. Clock Settings Summary
  5. Parallel Compilation
  6. Clock Setup: 't_clk'
  7. tco
  8. Timing Analyzer Messages



----------------
; Legal Notice ;
----------------
Copyright (C) 1991-2010 Altera Corporation
Your use of Altera Corporation's design tools, logic functions 
and other software and tools, and its AMPP partner logic 
functions, and any output files from any of the foregoing 
(including device programming or simulation files), and any 
associated documentation or information are expressly subject 
to the terms and conditions of the Altera Program License 
Subscription Agreement, Altera MegaCore Function License 
Agreement, or other applicable license agreement, including, 
without limitation, that your use is for the sole purpose of 
programming logic devices manufactured by Altera and sold by 
Altera or its authorized distributors.  Please refer to the 
applicable agreement for further details.



+------------------------------------------------------------------------------------------------------------------------------------------------------------------------+
; Timing Analyzer Summary                                                                                                                                                ;
+------------------------------+-------+---------------+----------------------------------+-----------------------+---------------+------------+----------+--------------+
; Type                         ; Slack ; Required Time ; Actual Time                      ; From                  ; To            ; From Clock ; To Clock ; Failed Paths ;
+------------------------------+-------+---------------+----------------------------------+-----------------------+---------------+------------+----------+--------------+
; Worst-case tco               ; N/A   ; None          ; 9.590 ns                         ; RAM:C3|Dout[6]~en     ; out_put[6]    ; t_clk      ; --       ; 0            ;
; Clock Setup: 't_clk'         ; N/A   ; None          ; 243.66 MHz ( period = 4.104 ns ) ; ROM:C2|data_out[0]~en ; RAM:C3|Ram~20 ; t_clk      ; t_clk    ; 0            ;
; Total number of failed paths ;       ;               ;                                  ;                       ;               ;            ;          ; 0            ;
+------------------------------+-------+---------------+----------------------------------+-----------------------+---------------+------------+----------+--------------+


+-----------------------------------------------------------------------------------------------------------------------------------------------------+
; Timing Analyzer Settings                                                                                                                            ;
+------------------------------------------------------------------------------------------------------+--------------------+------+----+-------------+
; Option                                                                                               ; Setting            ; From ; To ; Entity Name ;
+------------------------------------------------------------------------------------------------------+--------------------+------+----+-------------+
; Device Name                                                                                          ; EP2C35F672C6       ;      ;    ;             ;
; Timing Models                                                                                        ; Final              ;      ;    ;             ;
; Default hold multicycle                                                                              ; Same as Multicycle ;      ;    ;             ;
; Cut paths between unrelated clock domains                                                            ; On                 ;      ;    ;             ;
; Cut off read during write signal paths                                                               ; On                 ;      ;    ;             ;
; Cut off feedback from I/O pins                                                                       ; On                 ;      ;    ;             ;
; Report Combined Fast/Slow Timing                                                                     ; Off                ;      ;    ;             ;
; Ignore Clock Settings                                                                                ; Off                ;      ;    ;             ;
; Analyze latches as synchronous elements                                                              ; On                 ;      ;    ;             ;
; Enable Recovery/Removal analysis                                                                     ; Off                ;      ;    ;             ;
; Enable Clock Latency                                                                                 ; Off                ;      ;    ;             ;
; Use TimeQuest Timing Analyzer                                                                        ; Off                ;      ;    ;             ;
; Minimum Core Junction Temperature                                                                    ; 0                  ;      ;    ;             ;
; Maximum Core Junction Temperature                                                                    ; 85                 ;      ;    ;             ;
; Number of source nodes to report per destination node                                                ; 10                 ;      ;    ;             ;
; Number of destination nodes to report                                                                ; 10                 ;      ;    ;             ;
; Number of paths to report                                                                            ; 200                ;      ;    ;             ;
; Report Minimum Timing Checks                                                                         ; Off                ;      ;    ;             ;
; Use Fast Timing Models                                                                               ; Off                ;      ;    ;             ;
; Report IO Paths Separately                                                                           ; Off                ;      ;    ;             ;
; Perform Multicorner Analysis                                                                         ; On                 ;      ;    ;             ;
; Reports the worst-case path for each clock domain and analysis                                       ; Off                ;      ;    ;             ;
; Reports worst-case timing paths for each clock domain and analysis                                   ; On                 ;      ;    ;             ;
; Specifies the maximum number of worst-case timing paths to report for each clock domain and analysis ; 100                ;      ;    ;             ;
; Removes common clock path pessimism (CCPP) during slack computation                                  ; Off                ;      ;    ;             ;
; Output I/O Timing Endpoint                                                                           ; Near End           ;      ;    ;             ;
+------------------------------------------------------------------------------------------------------+--------------------+------+----+-------------+


+------------------------------------------------------------------------------------------------------------------------------------------------------------------------------------+
; Clock Settings Summary                                                                                                                                                             ;
+-----------------+--------------------+----------+------------------+---------------+--------------+----------+-----------------------+---------------------+--------+--------------+
; Clock Node Name ; Clock Setting Name ; Type     ; Fmax Requirement ; Early Latency ; Late Latency ; Based on ; Multiply Base Fmax by ; Divide Base Fmax by ; Offset ; Phase offset ;
+-----------------+--------------------+----------+------------------+---------------+--------------+----------+-----------------------+---------------------+--------+--------------+
; t_clk           ;                    ; User Pin ; None             ; 0.000 ns      ; 0.000 ns     ; --       ; N/A                   ; N/A                 ; N/A    ;              ;
+-----------------+--------------------+----------+------------------+---------------+--------------+----------+-----------------------+---------------------+--------+--------------+


Parallel compilation was disabled, but you have multiple processors available. Enable parallel compilation to reduce compilation time.
+-------------------------------------+
; Parallel Compilation                ;
+----------------------------+--------+
; Processors                 ; Number ;
+----------------------------+--------+
; Number detected on machine ; 2      ;
; Maximum allowed            ; 1      ;
+----------------------------+--------+


+---------------------------------------------------------------------------------------------------------------------------------------------------------------------------------------------------------------------------------------------------------------+
; Clock Setup: 't_clk'                                                                                                                                                                                                                                          ;
+-----------------------------------------+-----------------------------------------------------+-------------------------+-------------------------+------------+----------+-----------------------------+---------------------------+-------------------------+
; Slack                                   ; Actual fmax (period)                                ; From                    ; To                      ; From Clock ; To Clock ; Required Setup Relationship ; Required Longest P2P Time ; Actual Longest P2P Time ;
+-----------------------------------------+-----------------------------------------------------+-------------------------+-------------------------+------------+----------+-----------------------------+---------------------------+-------------------------+
; N/A                                     ; 243.66 MHz ( period = 4.104 ns )                    ; ROM:C2|data_out[0]~en   ; RAM:C3|Ram~20           ; t_clk      ; t_clk    ; None                        ; None                      ; 1.838 ns                ;
; N/A                                     ; 243.90 MHz ( period = 4.100 ns )                    ; ROM:C2|data_out[0]~en   ; RAM:C3|Ram~12           ; t_clk      ; t_clk    ; None                        ; None                      ; 1.836 ns                ;
; N/A                                     ; 244.02 MHz ( period = 4.098 ns )                    ; ROM:C2|data_out[0]~en   ; RAM:C3|Ram~11           ; t_clk      ; t_clk    ; None                        ; None                      ; 1.835 ns                ;
; N/A                                     ; 244.02 MHz ( period = 4.098 ns )                    ; ROM:C2|data_out[0]~en   ; RAM:C3|Ram~19           ; t_clk      ; t_clk    ; None                        ; None                      ; 1.835 ns                ;
; N/A                                     ; 245.46 MHz ( period = 4.074 ns )                    ; ROM:C2|data_out[0]~reg0 ; RAM:C3|Ram~11           ; t_clk      ; t_clk    ; None                        ; None                      ; 1.821 ns                ;
; N/A                                     ; 245.46 MHz ( period = 4.074 ns )                    ; ROM:C2|data_out[0]~reg0 ; RAM:C3|Ram~19           ; t_clk      ; t_clk    ; None                        ; None                      ; 1.821 ns                ;
; N/A                                     ; 251.89 MHz ( period = 3.970 ns )                    ; ROM:C2|data_out[1]~reg0 ; RAM:C3|Ram~20           ; t_clk      ; t_clk    ; None                        ; None                      ; 1.769 ns                ;
; N/A                                     ; 252.14 MHz ( period = 3.966 ns )                    ; ROM:C2|data_out[1]~reg0 ; RAM:C3|Ram~12           ; t_clk      ; t_clk    ; None                        ; None                      ; 1.767 ns                ;
; N/A                                     ; 253.55 MHz ( period = 3.944 ns )                    ; ROM:C2|data_out[0]~en   ; RAM:C3|Ram~36           ; t_clk      ; t_clk    ; None                        ; None                      ; 1.758 ns                ;
; N/A                                     ; 255.89 MHz ( period = 3.908 ns )                    ; ROM:C2|data_out[0]~en   ; RAM:C3|Ram~35           ; t_clk      ; t_clk    ; None                        ; None                      ; 1.740 ns                ;
; N/A                                     ; 257.47 MHz ( period = 3.884 ns )                    ; ROM:C2|data_out[0]~reg0 ; RAM:C3|Ram~35           ; t_clk      ; t_clk    ; None                        ; None                      ; 1.726 ns                ;
; N/A                                     ; 262.47 MHz ( period = 3.810 ns )                    ; ROM:C2|data_out[1]~reg0 ; RAM:C3|Ram~36           ; t_clk      ; t_clk    ; None                        ; None                      ; 1.689 ns                ;
; N/A                                     ; 305.44 MHz ( period = 3.274 ns )                    ; FSM:C1|PS.S2            ; RAM:C3|Ram~19           ; t_clk      ; t_clk    ; None                        ; None                      ; 3.058 ns                ;
; N/A                                     ; 305.44 MHz ( period = 3.274 ns )                    ; FSM:C1|PS.S2            ; RAM:C3|Ram~20           ; t_clk      ; t_clk    ; None                        ; None                      ; 3.058 ns                ;
; N/A                                     ; 305.44 MHz ( period = 3.274 ns )                    ; FSM:C1|PS.S2            ; RAM:C3|Ram~21           ; t_clk      ; t_clk    ; None                        ; None                      ; 3.058 ns                ;
; N/A                                     ; 305.81 MHz ( period = 3.270 ns )                    ; FSM:C1|PS.S2            ; RAM:C3|Ram~35           ; t_clk      ; t_clk    ; None                        ; None                      ; 3.054 ns                ;
; N/A                                     ; 305.81 MHz ( period = 3.270 ns )                    ; FSM:C1|PS.S2            ; RAM:C3|Ram~36           ; t_clk      ; t_clk    ; None                        ; None                      ; 3.054 ns                ;
; N/A                                     ; 305.81 MHz ( period = 3.270 ns )                    ; FSM:C1|PS.S2            ; RAM:C3|Ram~37           ; t_clk      ; t_clk    ; None                        ; None                      ; 3.054 ns                ;
; N/A                                     ; 306.56 MHz ( period = 3.262 ns )                    ; FSM:C1|PS.S2            ; RAM:C3|Ram~11           ; t_clk      ; t_clk    ; None                        ; None                      ; 3.046 ns                ;
; N/A                                     ; 306.56 MHz ( period = 3.262 ns )                    ; FSM:C1|PS.S2            ; RAM:C3|Ram~12           ; t_clk      ; t_clk    ; None                        ; None                      ; 3.046 ns                ;
; N/A                                     ; 306.56 MHz ( period = 3.262 ns )                    ; FSM:C1|PS.S2            ; RAM:C3|Ram~13           ; t_clk      ; t_clk    ; None                        ; None                      ; 3.046 ns                ;
; N/A                                     ; 309.50 MHz ( period = 3.231 ns )                    ; FSM:C1|PS.S5            ; RAM:C3|Ram~19           ; t_clk      ; t_clk    ; None                        ; None                      ; 3.015 ns                ;
; N/A                                     ; 309.50 MHz ( period = 3.231 ns )                    ; FSM:C1|PS.S5            ; RAM:C3|Ram~20           ; t_clk      ; t_clk    ; None                        ; None                      ; 3.015 ns                ;
; N/A                                     ; 309.50 MHz ( period = 3.231 ns )                    ; FSM:C1|PS.S5            ; RAM:C3|Ram~21           ; t_clk      ; t_clk    ; None                        ; None                      ; 3.015 ns                ;
; N/A                                     ; 317.06 MHz ( period = 3.154 ns )                    ; FSM:C1|PS.S3            ; RAM:C3|Dout[4]~reg0     ; t_clk      ; t_clk    ; None                        ; None                      ; 2.938 ns                ;
; N/A                                     ; 317.66 MHz ( period = 3.148 ns )                    ; FSM:C1|PS.S3            ; RAM:C3|Ram~35           ; t_clk      ; t_clk    ; None                        ; None                      ; 2.932 ns                ;
; N/A                                     ; 317.66 MHz ( period = 3.148 ns )                    ; FSM:C1|PS.S3            ; RAM:C3|Ram~36           ; t_clk      ; t_clk    ; None                        ; None                      ; 2.932 ns                ;
; N/A                                     ; 317.66 MHz ( period = 3.148 ns )                    ; FSM:C1|PS.S3            ; RAM:C3|Ram~37           ; t_clk      ; t_clk    ; None                        ; None                      ; 2.932 ns                ;
; N/A                                     ; 318.47 MHz ( period = 3.140 ns )                    ; FSM:C1|PS.S3            ; RAM:C3|Ram~11           ; t_clk      ; t_clk    ; None                        ; None                      ; 2.924 ns                ;
; N/A                                     ; 318.47 MHz ( period = 3.140 ns )                    ; FSM:C1|PS.S3            ; RAM:C3|Ram~12           ; t_clk      ; t_clk    ; None                        ; None                      ; 2.924 ns                ;
; N/A                                     ; 318.47 MHz ( period = 3.140 ns )                    ; FSM:C1|PS.S3            ; RAM:C3|Ram~13           ; t_clk      ; t_clk    ; None                        ; None                      ; 2.924 ns                ;
; N/A                                     ; 320.10 MHz ( period = 3.124 ns )                    ; FSM:C1|PS.S5            ; RAM:C3|Dout[4]~reg0     ; t_clk      ; t_clk    ; None                        ; None                      ; 2.908 ns                ;
; N/A                                     ; 325.73 MHz ( period = 3.070 ns )                    ; FSM:C1|PS.S3            ; RAM:C3|Ram~19           ; t_clk      ; t_clk    ; None                        ; None                      ; 2.854 ns                ;
; N/A                                     ; 325.73 MHz ( period = 3.070 ns )                    ; FSM:C1|PS.S3            ; RAM:C3|Ram~20           ; t_clk      ; t_clk    ; None                        ; None                      ; 2.854 ns                ;
; N/A                                     ; 325.73 MHz ( period = 3.070 ns )                    ; FSM:C1|PS.S3            ; RAM:C3|Ram~21           ; t_clk      ; t_clk    ; None                        ; None                      ; 2.854 ns                ;
; N/A                                     ; 325.84 MHz ( period = 3.069 ns )                    ; FSM:C1|PS.S3            ; RAM:C3|Ram~27           ; t_clk      ; t_clk    ; None                        ; None                      ; 2.853 ns                ;
; N/A                                     ; 325.84 MHz ( period = 3.069 ns )                    ; FSM:C1|PS.S3            ; RAM:C3|Ram~28           ; t_clk      ; t_clk    ; None                        ; None                      ; 2.853 ns                ;
; N/A                                     ; 325.84 MHz ( period = 3.069 ns )                    ; FSM:C1|PS.S3            ; RAM:C3|Ram~29           ; t_clk      ; t_clk    ; None                        ; None                      ; 2.853 ns                ;
; N/A                                     ; 326.80 MHz ( period = 3.060 ns )                    ; FSM:C1|PS.S5            ; RAM:C3|Ram~35           ; t_clk      ; t_clk    ; None                        ; None                      ; 2.844 ns                ;
; N/A                                     ; 326.80 MHz ( period = 3.060 ns )                    ; FSM:C1|PS.S5            ; RAM:C3|Ram~36           ; t_clk      ; t_clk    ; None                        ; None                      ; 2.844 ns                ;
; N/A                                     ; 326.80 MHz ( period = 3.060 ns )                    ; FSM:C1|PS.S5            ; RAM:C3|Ram~37           ; t_clk      ; t_clk    ; None                        ; None                      ; 2.844 ns                ;
; N/A                                     ; 327.23 MHz ( period = 3.056 ns )                    ; FSM:C1|PS.S5            ; RAM:C3|Ram~11           ; t_clk      ; t_clk    ; None                        ; None                      ; 2.840 ns                ;
; N/A                                     ; 327.23 MHz ( period = 3.056 ns )                    ; FSM:C1|PS.S5            ; RAM:C3|Ram~12           ; t_clk      ; t_clk    ; None                        ; None                      ; 2.840 ns                ;
; N/A                                     ; 327.23 MHz ( period = 3.056 ns )                    ; FSM:C1|PS.S5            ; RAM:C3|Ram~13           ; t_clk      ; t_clk    ; None                        ; None                      ; 2.840 ns                ;
; N/A                                     ; 329.06 MHz ( period = 3.039 ns )                    ; FSM:C1|PS.S5            ; RAM:C3|Ram~27           ; t_clk      ; t_clk    ; None                        ; None                      ; 2.823 ns                ;
; N/A                                     ; 329.06 MHz ( period = 3.039 ns )                    ; FSM:C1|PS.S5            ; RAM:C3|Ram~28           ; t_clk      ; t_clk    ; None                        ; None                      ; 2.823 ns                ;
; N/A                                     ; 329.06 MHz ( period = 3.039 ns )                    ; FSM:C1|PS.S5            ; RAM:C3|Ram~29           ; t_clk      ; t_clk    ; None                        ; None                      ; 2.823 ns                ;
; N/A                                     ; 330.03 MHz ( period = 3.030 ns )                    ; FSM:C1|PS.S2            ; ROM:C2|data_out[1]~reg0 ; t_clk      ; t_clk    ; None                        ; None                      ; 1.301 ns                ;
; N/A                                     ; 332.23 MHz ( period = 3.010 ns )                    ; FSM:C1|PS.S4            ; RAM:C3|Ram~35           ; t_clk      ; t_clk    ; None                        ; None                      ; 2.794 ns                ;
; N/A                                     ; 332.23 MHz ( period = 3.010 ns )                    ; FSM:C1|PS.S4            ; RAM:C3|Ram~36           ; t_clk      ; t_clk    ; None                        ; None                      ; 2.794 ns                ;
; N/A                                     ; 332.23 MHz ( period = 3.010 ns )                    ; FSM:C1|PS.S4            ; RAM:C3|Ram~37           ; t_clk      ; t_clk    ; None                        ; None                      ; 2.794 ns                ;
; N/A                                     ; 333.11 MHz ( period = 3.002 ns )                    ; FSM:C1|PS.S4            ; RAM:C3|Ram~11           ; t_clk      ; t_clk    ; None                        ; None                      ; 2.786 ns                ;
; N/A                                     ; 333.11 MHz ( period = 3.002 ns )                    ; FSM:C1|PS.S4            ; RAM:C3|Ram~12           ; t_clk      ; t_clk    ; None                        ; None                      ; 2.786 ns                ;
; N/A                                     ; 333.11 MHz ( period = 3.002 ns )                    ; FSM:C1|PS.S4            ; RAM:C3|Ram~13           ; t_clk      ; t_clk    ; None                        ; None                      ; 2.786 ns                ;
; N/A                                     ; 334.22 MHz ( period = 2.992 ns )                    ; FSM:C1|PS.S3            ; ROM:C2|data_out[0]~reg0 ; t_clk      ; t_clk    ; None                        ; None                      ; 1.282 ns                ;
; N/A                                     ; 334.34 MHz ( period = 2.991 ns )                    ; FSM:C1|PS.S3            ; RAM:C3|Dout[1]~reg0     ; t_clk      ; t_clk    ; None                        ; None                      ; 2.775 ns                ;
; N/A                                     ; 337.27 MHz ( period = 2.965 ns )                    ; FSM:C1|PS.S1            ; RAM:C3|Ram~19           ; t_clk      ; t_clk    ; None                        ; None                      ; 2.749 ns                ;
; N/A                                     ; 337.27 MHz ( period = 2.965 ns )                    ; FSM:C1|PS.S1            ; RAM:C3|Ram~20           ; t_clk      ; t_clk    ; None                        ; None                      ; 2.749 ns                ;
; N/A                                     ; 337.27 MHz ( period = 2.965 ns )                    ; FSM:C1|PS.S1            ; RAM:C3|Ram~21           ; t_clk      ; t_clk    ; None                        ; None                      ; 2.749 ns                ;
; N/A                                     ; 337.72 MHz ( period = 2.961 ns )                    ; FSM:C1|PS.S5            ; RAM:C3|Dout[1]~reg0     ; t_clk      ; t_clk    ; None                        ; None                      ; 2.745 ns                ;
; N/A                                     ; 339.67 MHz ( period = 2.944 ns )                    ; FSM:C1|PS.S5            ; ROM:C2|data_out[1]~reg0 ; t_clk      ; t_clk    ; None                        ; None                      ; 1.258 ns                ;
; N/A                                     ; 339.67 MHz ( period = 2.944 ns )                    ; FSM:C1|PS.S7            ; RAM:C3|Dout[4]~reg0     ; t_clk      ; t_clk    ; None                        ; None                      ; 2.728 ns                ;
; N/A                                     ; 341.06 MHz ( period = 2.932 ns )                    ; FSM:C1|PS.S4            ; RAM:C3|Ram~19           ; t_clk      ; t_clk    ; None                        ; None                      ; 2.716 ns                ;
; N/A                                     ; 341.06 MHz ( period = 2.932 ns )                    ; FSM:C1|PS.S5            ; ROM:C2|data_out[0]~reg0 ; t_clk      ; t_clk    ; None                        ; None                      ; 1.252 ns                ;
; N/A                                     ; 341.06 MHz ( period = 2.932 ns )                    ; FSM:C1|PS.S4            ; RAM:C3|Ram~20           ; t_clk      ; t_clk    ; None                        ; None                      ; 2.716 ns                ;
; N/A                                     ; 341.06 MHz ( period = 2.932 ns )                    ; FSM:C1|PS.S4            ; RAM:C3|Ram~21           ; t_clk      ; t_clk    ; None                        ; None                      ; 2.716 ns                ;
; N/A                                     ; 342.70 MHz ( period = 2.918 ns )                    ; FSM:C1|PS.S2            ; RAM:C3|Ram~27           ; t_clk      ; t_clk    ; None                        ; None                      ; 2.702 ns                ;
; N/A                                     ; 342.70 MHz ( period = 2.918 ns )                    ; FSM:C1|PS.S2            ; RAM:C3|Ram~28           ; t_clk      ; t_clk    ; None                        ; None                      ; 2.702 ns                ;
; N/A                                     ; 342.70 MHz ( period = 2.918 ns )                    ; FSM:C1|PS.S2            ; RAM:C3|Ram~29           ; t_clk      ; t_clk    ; None                        ; None                      ; 2.702 ns                ;
; N/A                                     ; 343.52 MHz ( period = 2.911 ns )                    ; FSM:C1|PS.S2            ; RAM:C3|Dout[4]~reg0     ; t_clk      ; t_clk    ; None                        ; None                      ; 2.695 ns                ;
; N/A                                     ; 346.62 MHz ( period = 2.885 ns )                    ; FSM:C1|PS.S1            ; RAM:C3|Ram~35           ; t_clk      ; t_clk    ; None                        ; None                      ; 2.669 ns                ;
; N/A                                     ; 346.62 MHz ( period = 2.885 ns )                    ; FSM:C1|PS.S1            ; RAM:C3|Ram~36           ; t_clk      ; t_clk    ; None                        ; None                      ; 2.669 ns                ;
; N/A                                     ; 346.62 MHz ( period = 2.885 ns )                    ; FSM:C1|PS.S1            ; RAM:C3|Ram~37           ; t_clk      ; t_clk    ; None                        ; None                      ; 2.669 ns                ;
; N/A                                     ; 347.58 MHz ( period = 2.877 ns )                    ; FSM:C1|PS.S1            ; RAM:C3|Ram~11           ; t_clk      ; t_clk    ; None                        ; None                      ; 2.661 ns                ;
; N/A                                     ; 347.58 MHz ( period = 2.877 ns )                    ; FSM:C1|PS.S1            ; RAM:C3|Ram~12           ; t_clk      ; t_clk    ; None                        ; None                      ; 2.661 ns                ;
; N/A                                     ; 347.58 MHz ( period = 2.877 ns )                    ; FSM:C1|PS.S1            ; RAM:C3|Ram~13           ; t_clk      ; t_clk    ; None                        ; None                      ; 2.661 ns                ;
; N/A                                     ; 349.77 MHz ( period = 2.859 ns )                    ; FSM:C1|PS.S7            ; RAM:C3|Ram~27           ; t_clk      ; t_clk    ; None                        ; None                      ; 2.643 ns                ;
; N/A                                     ; 349.77 MHz ( period = 2.859 ns )                    ; FSM:C1|PS.S7            ; RAM:C3|Ram~28           ; t_clk      ; t_clk    ; None                        ; None                      ; 2.643 ns                ;
; N/A                                     ; 349.77 MHz ( period = 2.859 ns )                    ; FSM:C1|PS.S7            ; RAM:C3|Ram~29           ; t_clk      ; t_clk    ; None                        ; None                      ; 2.643 ns                ;
; N/A                                     ; 349.90 MHz ( period = 2.858 ns )                    ; FSM:C1|PS.S1            ; RAM:C3|Dout[4]~reg0     ; t_clk      ; t_clk    ; None                        ; None                      ; 2.642 ns                ;
; N/A                                     ; 356.51 MHz ( period = 2.805 ns )                    ; FSM:C1|PS.S6            ; RAM:C3|Ram~19           ; t_clk      ; t_clk    ; None                        ; None                      ; 2.589 ns                ;
; N/A                                     ; 356.51 MHz ( period = 2.805 ns )                    ; FSM:C1|PS.S6            ; RAM:C3|Ram~20           ; t_clk      ; t_clk    ; None                        ; None                      ; 2.589 ns                ;
; N/A                                     ; 356.51 MHz ( period = 2.805 ns )                    ; FSM:C1|PS.S6            ; RAM:C3|Ram~21           ; t_clk      ; t_clk    ; None                        ; None                      ; 2.589 ns                ;
; N/A                                     ; 358.81 MHz ( period = 2.787 ns )                    ; FSM:C1|PS.S2            ; RAM:C3|Dout[0]~en       ; t_clk      ; t_clk    ; None                        ; None                      ; 2.590 ns                ;
; N/A                                     ; 358.94 MHz ( period = 2.786 ns )                    ; FSM:C1|PS.S2            ; RAM:C3|Dout[3]~en       ; t_clk      ; t_clk    ; None                        ; None                      ; 2.589 ns                ;
; N/A                                     ; 359.07 MHz ( period = 2.785 ns )                    ; FSM:C1|PS.S2            ; RAM:C3|Dout[5]~en       ; t_clk      ; t_clk    ; None                        ; None                      ; 2.588 ns                ;
; N/A                                     ; 359.20 MHz ( period = 2.784 ns )                    ; FSM:C1|PS.S2            ; RAM:C3|Dout[6]~en       ; t_clk      ; t_clk    ; None                        ; None                      ; 2.587 ns                ;
; N/A                                     ; 359.58 MHz ( period = 2.781 ns )                    ; FSM:C1|PS.S7            ; RAM:C3|Dout[1]~reg0     ; t_clk      ; t_clk    ; None                        ; None                      ; 2.565 ns                ;
; N/A                                     ; 359.71 MHz ( period = 2.780 ns )                    ; FSM:C1|PS.S2            ; RAM:C3|Dout[1]~en       ; t_clk      ; t_clk    ; None                        ; None                      ; 2.583 ns                ;
; N/A                                     ; 359.97 MHz ( period = 2.778 ns )                    ; FSM:C1|PS.S2            ; RAM:C3|Dout[4]~en       ; t_clk      ; t_clk    ; None                        ; None                      ; 2.581 ns                ;
; N/A                                     ; 360.10 MHz ( period = 2.777 ns )                    ; FSM:C1|PS.S2            ; RAM:C3|Dout[7]~en       ; t_clk      ; t_clk    ; None                        ; None                      ; 2.580 ns                ;
; N/A                                     ; 360.62 MHz ( period = 2.773 ns )                    ; FSM:C1|PS.S1            ; RAM:C3|Ram~27           ; t_clk      ; t_clk    ; None                        ; None                      ; 2.557 ns                ;
; N/A                                     ; 360.62 MHz ( period = 2.773 ns )                    ; FSM:C1|PS.S1            ; RAM:C3|Ram~28           ; t_clk      ; t_clk    ; None                        ; None                      ; 2.557 ns                ;
; N/A                                     ; 360.62 MHz ( period = 2.773 ns )                    ; FSM:C1|PS.S1            ; RAM:C3|Ram~29           ; t_clk      ; t_clk    ; None                        ; None                      ; 2.557 ns                ;
; N/A                                     ; 360.75 MHz ( period = 2.772 ns )                    ; FSM:C1|PS.S2            ; RAM:C3|Dout[1]~reg0     ; t_clk      ; t_clk    ; None                        ; None                      ; 2.556 ns                ;
; N/A                                     ; 361.66 MHz ( period = 2.765 ns )                    ; FSM:C1|PS.S7            ; RAM:C3|Ram~19           ; t_clk      ; t_clk    ; None                        ; None                      ; 2.549 ns                ;
; N/A                                     ; 361.66 MHz ( period = 2.765 ns )                    ; FSM:C1|PS.S7            ; RAM:C3|Ram~20           ; t_clk      ; t_clk    ; None                        ; None                      ; 2.549 ns                ;
; N/A                                     ; 361.66 MHz ( period = 2.765 ns )                    ; FSM:C1|PS.S7            ; RAM:C3|Ram~21           ; t_clk      ; t_clk    ; None                        ; None                      ; 2.549 ns                ;
; N/A                                     ; 362.45 MHz ( period = 2.759 ns )                    ; FSM:C1|PS.S3            ; RAM:C3|Dout[0]~reg0     ; t_clk      ; t_clk    ; None                        ; None                      ; 2.543 ns                ;
; N/A                                     ; 365.76 MHz ( period = 2.734 ns )                    ; FSM:C1|PS.S7            ; RAM:C3|Ram~35           ; t_clk      ; t_clk    ; None                        ; None                      ; 2.518 ns                ;
; N/A                                     ; 365.76 MHz ( period = 2.734 ns )                    ; FSM:C1|PS.S7            ; RAM:C3|Ram~36           ; t_clk      ; t_clk    ; None                        ; None                      ; 2.518 ns                ;
; N/A                                     ; 365.76 MHz ( period = 2.734 ns )                    ; FSM:C1|PS.S7            ; RAM:C3|Ram~37           ; t_clk      ; t_clk    ; None                        ; None                      ; 2.518 ns                ;
; N/A                                     ; 366.30 MHz ( period = 2.730 ns )                    ; FSM:C1|PS.S7            ; RAM:C3|Ram~11           ; t_clk      ; t_clk    ; None                        ; None                      ; 2.514 ns                ;
; N/A                                     ; 366.30 MHz ( period = 2.730 ns )                    ; FSM:C1|PS.S7            ; RAM:C3|Ram~12           ; t_clk      ; t_clk    ; None                        ; None                      ; 2.514 ns                ;
; N/A                                     ; 366.30 MHz ( period = 2.730 ns )                    ; FSM:C1|PS.S7            ; RAM:C3|Ram~13           ; t_clk      ; t_clk    ; None                        ; None                      ; 2.514 ns                ;
; N/A                                     ; 366.43 MHz ( period = 2.729 ns )                    ; FSM:C1|PS.S5            ; RAM:C3|Dout[0]~reg0     ; t_clk      ; t_clk    ; None                        ; None                      ; 2.513 ns                ;
; N/A                                     ; 371.06 MHz ( period = 2.695 ns )                    ; FSM:C1|PS.S1            ; RAM:C3|Dout[1]~reg0     ; t_clk      ; t_clk    ; None                        ; None                      ; 2.479 ns                ;
; N/A                                     ; 375.23 MHz ( period = 2.665 ns )                    ; FSM:C1|PS.S3            ; RAM:C3|Dout[0]~en       ; t_clk      ; t_clk    ; None                        ; None                      ; 2.468 ns                ;
; N/A                                     ; 375.38 MHz ( period = 2.664 ns )                    ; FSM:C1|PS.S3            ; RAM:C3|Dout[3]~en       ; t_clk      ; t_clk    ; None                        ; None                      ; 2.467 ns                ;
; N/A                                     ; 375.52 MHz ( period = 2.663 ns )                    ; FSM:C1|PS.S3            ; RAM:C3|Dout[5]~en       ; t_clk      ; t_clk    ; None                        ; None                      ; 2.466 ns                ;
; N/A                                     ; 375.66 MHz ( period = 2.662 ns )                    ; FSM:C1|PS.S3            ; RAM:C3|Dout[6]~en       ; t_clk      ; t_clk    ; None                        ; None                      ; 2.465 ns                ;
; N/A                                     ; 376.22 MHz ( period = 2.658 ns )                    ; FSM:C1|PS.S3            ; RAM:C3|Dout[1]~en       ; t_clk      ; t_clk    ; None                        ; None                      ; 2.461 ns                ;
; N/A                                     ; 376.51 MHz ( period = 2.656 ns )                    ; FSM:C1|PS.S3            ; RAM:C3|Dout[4]~en       ; t_clk      ; t_clk    ; None                        ; None                      ; 2.459 ns                ;
; N/A                                     ; 376.65 MHz ( period = 2.655 ns )                    ; FSM:C1|PS.S3            ; RAM:C3|Dout[7]~en       ; t_clk      ; t_clk    ; None                        ; None                      ; 2.458 ns                ;
; N/A                                     ; 379.65 MHz ( period = 2.634 ns )                    ; FSM:C1|PS.S6            ; RAM:C3|Ram~35           ; t_clk      ; t_clk    ; None                        ; None                      ; 2.418 ns                ;
; N/A                                     ; 379.65 MHz ( period = 2.634 ns )                    ; FSM:C1|PS.S6            ; RAM:C3|Ram~36           ; t_clk      ; t_clk    ; None                        ; None                      ; 2.418 ns                ;
; N/A                                     ; 379.65 MHz ( period = 2.634 ns )                    ; FSM:C1|PS.S6            ; RAM:C3|Ram~37           ; t_clk      ; t_clk    ; None                        ; None                      ; 2.418 ns                ;
; N/A                                     ; 380.08 MHz ( period = 2.631 ns )                    ; FSM:C1|PS.S3            ; RAM:C3|Dout[3]~reg0     ; t_clk      ; t_clk    ; None                        ; None                      ; 2.417 ns                ;
; N/A                                     ; 380.23 MHz ( period = 2.630 ns )                    ; FSM:C1|PS.S6            ; RAM:C3|Ram~11           ; t_clk      ; t_clk    ; None                        ; None                      ; 2.414 ns                ;
; N/A                                     ; 380.23 MHz ( period = 2.630 ns )                    ; FSM:C1|PS.S6            ; RAM:C3|Ram~12           ; t_clk      ; t_clk    ; None                        ; None                      ; 2.414 ns                ;
; N/A                                     ; 380.23 MHz ( period = 2.630 ns )                    ; FSM:C1|PS.S6            ; RAM:C3|Ram~13           ; t_clk      ; t_clk    ; None                        ; None                      ; 2.414 ns                ;
; N/A                                     ; 384.32 MHz ( period = 2.602 ns )                    ; FSM:C1|PS.S4            ; RAM:C3|Ram~27           ; t_clk      ; t_clk    ; None                        ; None                      ; 2.386 ns                ;
; N/A                                     ; 384.32 MHz ( period = 2.602 ns )                    ; FSM:C1|PS.S4            ; RAM:C3|Ram~28           ; t_clk      ; t_clk    ; None                        ; None                      ; 2.386 ns                ;
; N/A                                     ; 384.32 MHz ( period = 2.602 ns )                    ; FSM:C1|PS.S4            ; RAM:C3|Ram~29           ; t_clk      ; t_clk    ; None                        ; None                      ; 2.386 ns                ;
; N/A                                     ; 384.47 MHz ( period = 2.601 ns )                    ; FSM:C1|PS.S5            ; RAM:C3|Dout[3]~reg0     ; t_clk      ; t_clk    ; None                        ; None                      ; 2.387 ns                ;
; N/A                                     ; 384.47 MHz ( period = 2.601 ns )                    ; FSM:C1|PS.S3            ; RAM:C3|Dout[5]~reg0     ; t_clk      ; t_clk    ; None                        ; None                      ; 2.385 ns                ;
; N/A                                     ; 388.80 MHz ( period = 2.572 ns )                    ; FSM:C1|PS.S7            ; ROM:C2|data_out[0]~reg0 ; t_clk      ; t_clk    ; None                        ; None                      ; 1.072 ns                ;
; N/A                                     ; 388.95 MHz ( period = 2.571 ns )                    ; FSM:C1|PS.S5            ; RAM:C3|Dout[5]~reg0     ; t_clk      ; t_clk    ; None                        ; None                      ; 2.355 ns                ;
; N/A                                     ; 392.31 MHz ( period = 2.549 ns )                    ; FSM:C1|PS.S7            ; RAM:C3|Dout[0]~reg0     ; t_clk      ; t_clk    ; None                        ; None                      ; 2.333 ns                ;
; N/A                                     ; 395.73 MHz ( period = 2.527 ns )                    ; FSM:C1|PS.S4            ; RAM:C3|Dout[0]~en       ; t_clk      ; t_clk    ; None                        ; None                      ; 2.330 ns                ;
; N/A                                     ; 395.88 MHz ( period = 2.526 ns )                    ; FSM:C1|PS.S4            ; RAM:C3|Dout[3]~en       ; t_clk      ; t_clk    ; None                        ; None                      ; 2.329 ns                ;
; N/A                                     ; 396.04 MHz ( period = 2.525 ns )                    ; FSM:C1|PS.S4            ; RAM:C3|Dout[5]~en       ; t_clk      ; t_clk    ; None                        ; None                      ; 2.328 ns                ;
; N/A                                     ; 396.20 MHz ( period = 2.524 ns )                    ; FSM:C1|PS.S4            ; RAM:C3|Dout[6]~en       ; t_clk      ; t_clk    ; None                        ; None                      ; 2.327 ns                ;
; N/A                                     ; 396.83 MHz ( period = 2.520 ns )                    ; FSM:C1|PS.S4            ; RAM:C3|Dout[1]~en       ; t_clk      ; t_clk    ; None                        ; None                      ; 2.323 ns                ;
; N/A                                     ; 397.14 MHz ( period = 2.518 ns )                    ; FSM:C1|PS.S4            ; RAM:C3|Dout[4]~en       ; t_clk      ; t_clk    ; None                        ; None                      ; 2.321 ns                ;
; N/A                                     ; 397.30 MHz ( period = 2.517 ns )                    ; FSM:C1|PS.S4            ; RAM:C3|Dout[7]~en       ; t_clk      ; t_clk    ; None                        ; None                      ; 2.320 ns                ;
; N/A                                     ; 397.46 MHz ( period = 2.516 ns )                    ; FSM:C1|PS.S2            ; RAM:C3|Dout[0]~reg0     ; t_clk      ; t_clk    ; None                        ; None                      ; 2.300 ns                ;
; N/A                                     ; 405.19 MHz ( period = 2.468 ns )                    ; ROM:C2|data_out[0]~en   ; RAM:C3|Ram~27           ; t_clk      ; t_clk    ; None                        ; None                      ; 1.020 ns                ;
; N/A                                     ; 405.19 MHz ( period = 2.468 ns )                    ; ROM:C2|data_out[0]~en   ; RAM:C3|Ram~28           ; t_clk      ; t_clk    ; None                        ; None                      ; 1.020 ns                ;
; N/A                                     ; 406.01 MHz ( period = 2.463 ns )                    ; FSM:C1|PS.S1            ; RAM:C3|Dout[0]~reg0     ; t_clk      ; t_clk    ; None                        ; None                      ; 2.247 ns                ;
; N/A                                     ; 408.33 MHz ( period = 2.449 ns )                    ; FSM:C1|PS.S6            ; RAM:C3|Ram~27           ; t_clk      ; t_clk    ; None                        ; None                      ; 2.233 ns                ;
; N/A                                     ; 408.33 MHz ( period = 2.449 ns )                    ; FSM:C1|PS.S6            ; RAM:C3|Ram~28           ; t_clk      ; t_clk    ; None                        ; None                      ; 2.233 ns                ;
; N/A                                     ; 408.33 MHz ( period = 2.449 ns )                    ; FSM:C1|PS.S6            ; RAM:C3|Ram~29           ; t_clk      ; t_clk    ; None                        ; None                      ; 2.233 ns                ;
; N/A                                     ; 409.17 MHz ( period = 2.444 ns )                    ; ROM:C2|data_out[0]~reg0 ; RAM:C3|Ram~27           ; t_clk      ; t_clk    ; None                        ; None                      ; 1.006 ns                ;
; N/A                                     ; 409.17 MHz ( period = 2.444 ns )                    ; FSM:C1|PS.S2            ; RAM:C3|Dout[2]~reg0     ; t_clk      ; t_clk    ; None                        ; None                      ; 2.230 ns                ;
; N/A                                     ; 409.50 MHz ( period = 2.442 ns )                    ; FSM:C1|PS.S6            ; RAM:C3|Dout[4]~reg0     ; t_clk      ; t_clk    ; None                        ; None                      ; 2.226 ns                ;
; N/A                                     ; 413.05 MHz ( period = 2.421 ns )                    ; FSM:C1|PS.S7            ; RAM:C3|Dout[3]~reg0     ; t_clk      ; t_clk    ; None                        ; None                      ; 2.207 ns                ;
; N/A                                     ; 414.59 MHz ( period = 2.412 ns )                    ; FSM:C1|PS.S1            ; ROM:C2|data_out[1]~reg0 ; t_clk      ; t_clk    ; None                        ; None                      ; 0.992 ns                ;
; N/A                                     ; 415.80 MHz ( period = 2.405 ns )                    ; RAM:C3|Ram~27           ; RAM:C3|Dout[4]~reg0     ; t_clk      ; t_clk    ; None                        ; None                      ; 2.191 ns                ;
; N/A                                     ; 416.32 MHz ( period = 2.402 ns )                    ; FSM:C1|PS.S1            ; RAM:C3|Dout[0]~en       ; t_clk      ; t_clk    ; None                        ; None                      ; 2.205 ns                ;
; N/A                                     ; 416.49 MHz ( period = 2.401 ns )                    ; FSM:C1|PS.S5            ; RAM:C3|Dout[2]~reg0     ; t_clk      ; t_clk    ; None                        ; None                      ; 2.187 ns                ;
; N/A                                     ; 416.49 MHz ( period = 2.401 ns )                    ; FSM:C1|PS.S1            ; RAM:C3|Dout[3]~en       ; t_clk      ; t_clk    ; None                        ; None                      ; 2.204 ns                ;
; N/A                                     ; 416.67 MHz ( period = 2.400 ns )                    ; FSM:C1|PS.S1            ; ROM:C2|data_out[0]~reg0 ; t_clk      ; t_clk    ; None                        ; None                      ; 0.986 ns                ;
; N/A                                     ; 416.67 MHz ( period = 2.400 ns )                    ; FSM:C1|PS.S1            ; RAM:C3|Dout[5]~en       ; t_clk      ; t_clk    ; None                        ; None                      ; 2.203 ns                ;
; N/A                                     ; 416.84 MHz ( period = 2.399 ns )                    ; FSM:C1|PS.S1            ; RAM:C3|Dout[6]~en       ; t_clk      ; t_clk    ; None                        ; None                      ; 2.202 ns                ;
; N/A                                     ; 417.54 MHz ( period = 2.395 ns )                    ; FSM:C1|PS.S1            ; RAM:C3|Dout[1]~en       ; t_clk      ; t_clk    ; None                        ; None                      ; 2.198 ns                ;
; N/A                                     ; 417.89 MHz ( period = 2.393 ns )                    ; FSM:C1|PS.S1            ; RAM:C3|Dout[4]~en       ; t_clk      ; t_clk    ; None                        ; None                      ; 2.196 ns                ;
; N/A                                     ; 418.06 MHz ( period = 2.392 ns )                    ; FSM:C1|PS.S1            ; RAM:C3|Dout[7]~en       ; t_clk      ; t_clk    ; None                        ; None                      ; 2.195 ns                ;
; N/A                                     ; 418.24 MHz ( period = 2.391 ns )                    ; FSM:C1|PS.S7            ; RAM:C3|Dout[5]~reg0     ; t_clk      ; t_clk    ; None                        ; None                      ; 2.175 ns                ;
; N/A                                     ; 419.11 MHz ( period = 2.386 ns )                    ; ROM:C2|data_out[0]~en   ; RAM:C3|Ram~37           ; t_clk      ; t_clk    ; None                        ; None                      ; 0.979 ns                ;
; N/A                                     ; 419.82 MHz ( period = 2.382 ns )                    ; FSM:C1|PS.S2            ; RAM:C3|Dout[5]~reg0     ; t_clk      ; t_clk    ; None                        ; None                      ; 2.166 ns                ;
; N/A                                     ; Restricted to 420.17 MHz ( period = 2.380 ns )      ; ROM:C2|data_out[0]~en   ; RAM:C3|Ram~13           ; t_clk      ; t_clk    ; None                        ; None                      ; 0.973 ns                ;
; N/A                                     ; Restricted to 420.17 MHz ( period = 2.380 ns )      ; ROM:C2|data_out[0]~en   ; RAM:C3|Ram~21           ; t_clk      ; t_clk    ; None                        ; None                      ; 0.973 ns                ;
; N/A                                     ; Restricted to 420.17 MHz ( period = 2.380 ns )      ; FSM:C1|PS.S1            ; RAM:C3|Dout[3]~reg0     ; t_clk      ; t_clk    ; None                        ; None                      ; 2.121 ns                ;
; N/A                                     ; Restricted to 420.17 MHz ( period = 2.380 ns )      ; ROM:C2|data_out[1]~reg0 ; RAM:C3|Ram~28           ; t_clk      ; t_clk    ; None                        ; None                      ; 0.951 ns                ;
; N/A                                     ; Restricted to 420.17 MHz ( period = 2.380 ns )      ; FSM:C1|PS.S1            ; RAM:C3|Dout[5]~reg0     ; t_clk      ; t_clk    ; None                        ; None                      ; 2.089 ns                ;
; N/A                                     ; Restricted to 420.17 MHz ( period = 2.380 ns )      ; FSM:C1|PS.S6            ; RAM:C3|Dout[1]~reg0     ; t_clk      ; t_clk    ; None                        ; None                      ; 2.087 ns                ;
; N/A                                     ; Restricted to 420.17 MHz ( period = 2.380 ns )      ; RAM:C3|Ram~20           ; RAM:C3|Dout[1]~reg0     ; t_clk      ; t_clk    ; None                        ; None                      ; 2.021 ns                ;
; N/A                                     ; Restricted to 420.17 MHz ( period = 2.380 ns )      ; FSM:C1|PS.S2            ; RAM:C3|Dout[3]~reg0     ; t_clk      ; t_clk    ; None                        ; None                      ; 1.991 ns                ;
; N/A                                     ; Restricted to 420.17 MHz ( period = 2.380 ns )      ; RAM:C3|Ram~29           ; RAM:C3|Dout[2]~reg0     ; t_clk      ; t_clk    ; None                        ; None                      ; 1.984 ns                ;
; N/A                                     ; Restricted to 420.17 MHz ( period = 2.380 ns )      ; FSM:C1|PS.S3            ; RAM:C3|Dout[2]~reg0     ; t_clk      ; t_clk    ; None                        ; None                      ; 1.958 ns                ;
; N/A                                     ; Restricted to 420.17 MHz ( period = 2.380 ns )      ; FSM:C1|PS.S1            ; RAM:C3|Dout[2]~reg0     ; t_clk      ; t_clk    ; None                        ; None                      ; 1.921 ns                ;
; N/A                                     ; Restricted to 420.17 MHz ( period = 2.380 ns )      ; RAM:C3|Ram~28           ; RAM:C3|Dout[1]~reg0     ; t_clk      ; t_clk    ; None                        ; None                      ; 1.883 ns                ;
; N/A                                     ; Restricted to 420.17 MHz ( period = 2.380 ns )      ; FSM:C1|PS.S6            ; ROM:C2|data_out[1]~reg0 ; t_clk      ; t_clk    ; None                        ; None                      ; 0.832 ns                ;
; N/A                                     ; Restricted to 420.17 MHz ( period = 2.380 ns )      ; FSM:C1|PS.S6            ; RAM:C3|Dout[0]~reg0     ; t_clk      ; t_clk    ; None                        ; None                      ; 1.831 ns                ;
; N/A                                     ; Restricted to 420.17 MHz ( period = 2.380 ns )      ; RAM:C3|Ram~37           ; RAM:C3|Dout[2]~reg0     ; t_clk      ; t_clk    ; None                        ; None                      ; 1.800 ns                ;
; N/A                                     ; Restricted to 420.17 MHz ( period = 2.380 ns )      ; RAM:C3|Ram~27           ; RAM:C3|Dout[0]~reg0     ; t_clk      ; t_clk    ; None                        ; None                      ; 1.796 ns                ;
; N/A                                     ; Restricted to 420.17 MHz ( period = 2.380 ns )      ; FSM:C1|PS.S6            ; RAM:C3|Dout[2]~reg0     ; t_clk      ; t_clk    ; None                        ; None                      ; 1.761 ns                ;
; N/A                                     ; Restricted to 420.17 MHz ( period = 2.380 ns )      ; FSM:C1|PS.S7            ; RAM:C3|Dout[2]~reg0     ; t_clk      ; t_clk    ; None                        ; None                      ; 1.748 ns                ;
; N/A                                     ; Restricted to 420.17 MHz ( period = 2.380 ns )      ; ROM:C2|data_out[0]~en   ; RAM:C3|Ram~29           ; t_clk      ; t_clk    ; None                        ; None                      ; 0.748 ns                ;
; N/A                                     ; Restricted to 420.17 MHz ( period = 2.380 ns )      ; FSM:C1|PS.S6            ; RAM:C3|Dout[5]~reg0     ; t_clk      ; t_clk    ; None                        ; None                      ; 1.697 ns                ;
; N/A                                     ; Restricted to 420.17 MHz ( period = 2.380 ns )      ; RAM:C3|Ram~12           ; RAM:C3|Dout[1]~reg0     ; t_clk      ; t_clk    ; None                        ; None                      ; 1.632 ns                ;
; N/A                                     ; Restricted to 420.17 MHz ( period = 2.380 ns )      ; RAM:C3|Ram~20           ; RAM:C3|Dout[5]~reg0     ; t_clk      ; t_clk    ; None                        ; None                      ; 1.631 ns                ;
; N/A                                     ; Restricted to 420.17 MHz ( period = 2.380 ns )      ; RAM:C3|Ram~11           ; RAM:C3|Dout[4]~reg0     ; t_clk      ; t_clk    ; None                        ; None                      ; 1.614 ns                ;
; N/A                                     ; Restricted to 420.17 MHz ( period = 2.380 ns )      ; RAM:C3|Ram~37           ; RAM:C3|Dout[3]~reg0     ; t_clk      ; t_clk    ; None                        ; None                      ; 1.533 ns                ;
; N/A                                     ; Restricted to 420.17 MHz ( period = 2.380 ns )      ; FSM:C1|PS.S6            ; RAM:C3|Dout[3]~reg0     ; t_clk      ; t_clk    ; None                        ; None                      ; 1.522 ns                ;
; N/A                                     ; Restricted to 420.17 MHz ( period = 2.380 ns )      ; RAM:C3|Ram~13           ; RAM:C3|Dout[2]~reg0     ; t_clk      ; t_clk    ; None                        ; None                      ; 1.520 ns                ;
; N/A                                     ; Restricted to 420.17 MHz ( period = 2.380 ns )      ; RAM:C3|Ram~13           ; RAM:C3|Dout[3]~reg0     ; t_clk      ; t_clk    ; None                        ; None                      ; 1.518 ns                ;
; N/A                                     ; Restricted to 420.17 MHz ( period = 2.380 ns )      ; RAM:C3|Ram~28           ; RAM:C3|Dout[5]~reg0     ; t_clk      ; t_clk    ; None                        ; None                      ; 1.493 ns                ;
; N/A                                     ; Restricted to 420.17 MHz ( period = 2.380 ns )      ; RAM:C3|Ram~21           ; RAM:C3|Dout[3]~reg0     ; t_clk      ; t_clk    ; None                        ; None                      ; 1.359 ns                ;
; N/A                                     ; Restricted to 420.17 MHz ( period = 2.380 ns )      ; RAM:C3|Ram~19           ; RAM:C3|Dout[4]~reg0     ; t_clk      ; t_clk    ; None                        ; None                      ; 1.338 ns                ;
; N/A                                     ; Restricted to 420.17 MHz ( period = 2.380 ns )      ; RAM:C3|Ram~35           ; RAM:C3|Dout[4]~reg0     ; t_clk      ; t_clk    ; None                        ; None                      ; 1.324 ns                ;
; N/A                                     ; Restricted to 420.17 MHz ( period = 2.380 ns )      ; RAM:C3|Ram~12           ; RAM:C3|Dout[5]~reg0     ; t_clk      ; t_clk    ; None                        ; None                      ; 1.242 ns                ;
; N/A                                     ; Restricted to 420.17 MHz ( period = 2.380 ns )      ; RAM:C3|Ram~11           ; RAM:C3|Dout[0]~reg0     ; t_clk      ; t_clk    ; None                        ; None                      ; 1.219 ns                ;
; N/A                                     ; Restricted to 420.17 MHz ( period = 2.380 ns )      ; RAM:C3|Ram~36           ; RAM:C3|Dout[1]~reg0     ; t_clk      ; t_clk    ; None                        ; None                      ; 1.186 ns                ;
; N/A                                     ; Restricted to 420.17 MHz ( period = 2.380 ns )      ; RAM:C3|Ram~29           ; RAM:C3|Dout[3]~reg0     ; t_clk      ; t_clk    ; None                        ; None                      ; 1.132 ns                ;
; N/A                                     ; Restricted to 420.17 MHz ( period = 2.380 ns )      ; FSM:C1|PS.S2            ; RAM:C3|Dout[2]~en       ; t_clk      ; t_clk    ; None                        ; None                      ; 0.947 ns                ;
; N/A                                     ; Restricted to 420.17 MHz ( period = 2.380 ns )      ; RAM:C3|Ram~21           ; RAM:C3|Dout[2]~reg0     ; t_clk      ; t_clk    ; None                        ; None                      ; 0.946 ns                ;
; N/A                                     ; Restricted to 420.17 MHz ( period = 2.380 ns )      ; RAM:C3|Ram~19           ; RAM:C3|Dout[0]~reg0     ; t_clk      ; t_clk    ; None                        ; None                      ; 0.943 ns                ;
; N/A                                     ; Restricted to 420.17 MHz ( period = 2.380 ns )      ; FSM:C1|PS.S8            ; FSM:C1|PS.S1            ; t_clk      ; t_clk    ; None                        ; None                      ; 0.938 ns                ;
; Timing analysis restricted to 200 rows. ; To change the limit use Settings (Assignments menu) ;                         ;                         ;            ;          ;                             ;                           ;                         ;
+-----------------------------------------+-----------------------------------------------------+-------------------------+-------------------------+------------+----------+-----------------------------+---------------------------+-------------------------+


+---------------------------------------------------------------------------------------+
; tco                                                                                   ;
+-------+--------------+------------+-------------------------+------------+------------+
; Slack ; Required tco ; Actual tco ; From                    ; To         ; From Clock ;
+-------+--------------+------------+-------------------------+------------+------------+
; N/A   ; None         ; 9.590 ns   ; RAM:C3|Dout[6]~en       ; out_put[6] ; t_clk      ;
; N/A   ; None         ; 9.571 ns   ; FSM:C1|PS.S2            ; t1b        ; t_clk      ;
; N/A   ; None         ; 9.449 ns   ; FSM:C1|PS.S3            ; t1b        ; t_clk      ;
; N/A   ; None         ; 9.380 ns   ; FSM:C1|PS.S2            ; t2b        ; t_clk      ;
; N/A   ; None         ; 9.365 ns   ; RAM:C3|Dout[1]~en       ; out_put[1] ; t_clk      ;
; N/A   ; None         ; 9.311 ns   ; FSM:C1|PS.S4            ; t1b        ; t_clk      ;
; N/A   ; None         ; 9.258 ns   ; FSM:C1|PS.S3            ; t2b        ; t_clk      ;
; N/A   ; None         ; 9.186 ns   ; FSM:C1|PS.S1            ; t1b        ; t_clk      ;
; N/A   ; None         ; 9.120 ns   ; FSM:C1|PS.S4            ; t2b        ; t_clk      ;
; N/A   ; None         ; 9.120 ns   ; RAM:C3|Dout[1]~reg0     ; out_put[1] ; t_clk      ;
; N/A   ; None         ; 8.995 ns   ; FSM:C1|PS.S1            ; t2b        ; t_clk      ;
; N/A   ; None         ; 8.413 ns   ; FSM:C1|PS.S2            ; t3b        ; t_clk      ;
; N/A   ; None         ; 8.291 ns   ; FSM:C1|PS.S3            ; t3b        ; t_clk      ;
; N/A   ; None         ; 8.153 ns   ; FSM:C1|PS.S4            ; t3b        ; t_clk      ;
; N/A   ; None         ; 8.028 ns   ; FSM:C1|PS.S1            ; t3b        ; t_clk      ;
; N/A   ; None         ; 7.774 ns   ; RAM:C3|Dout[3]~en       ; out_put[3] ; t_clk      ;
; N/A   ; None         ; 7.556 ns   ; FSM:C1|PS.S3            ; t5b[0]     ; t_clk      ;
; N/A   ; None         ; 7.526 ns   ; FSM:C1|PS.S5            ; t5b[0]     ; t_clk      ;
; N/A   ; None         ; 7.451 ns   ; RAM:C3|Dout[3]~reg0     ; out_put[3] ; t_clk      ;
; N/A   ; None         ; 7.346 ns   ; FSM:C1|PS.S7            ; t5b[0]     ; t_clk      ;
; N/A   ; None         ; 7.344 ns   ; RAM:C3|Dout[0]~reg0     ; out_put[0] ; t_clk      ;
; N/A   ; None         ; 7.334 ns   ; FSM:C1|PS.S2            ; t5b[1]     ; t_clk      ;
; N/A   ; None         ; 7.291 ns   ; FSM:C1|PS.S5            ; t5b[1]     ; t_clk      ;
; N/A   ; None         ; 7.260 ns   ; FSM:C1|PS.S1            ; t5b[0]     ; t_clk      ;
; N/A   ; None         ; 7.119 ns   ; RAM:C3|Dout[5]~reg0     ; out_put[5] ; t_clk      ;
; N/A   ; None         ; 7.083 ns   ; ROM:C2|data_out[0]~en   ; t4b[1]     ; t_clk      ;
; N/A   ; None         ; 7.025 ns   ; FSM:C1|PS.S1            ; t5b[1]     ; t_clk      ;
; N/A   ; None         ; 6.865 ns   ; FSM:C1|PS.S6            ; t5b[1]     ; t_clk      ;
; N/A   ; None         ; 6.835 ns   ; RAM:C3|Dout[4]~reg0     ; out_put[4] ; t_clk      ;
; N/A   ; None         ; 6.827 ns   ; ROM:C2|data_out[1]~reg0 ; t4b[5]     ; t_clk      ;
; N/A   ; None         ; 6.823 ns   ; RAM:C3|Dout[7]~en       ; out_put[7] ; t_clk      ;
; N/A   ; None         ; 6.672 ns   ; ROM:C2|data_out[0]~en   ; t4b[2]     ; t_clk      ;
; N/A   ; None         ; 6.630 ns   ; ROM:C2|data_out[0]~en   ; t4b[5]     ; t_clk      ;
; N/A   ; None         ; 6.628 ns   ; ROM:C2|data_out[0]~en   ; t4b[3]     ; t_clk      ;
; N/A   ; None         ; 6.609 ns   ; RAM:C3|Dout[0]~en       ; out_put[0] ; t_clk      ;
; N/A   ; None         ; 6.606 ns   ; ROM:C2|data_out[0]~reg0 ; t4b[4]     ; t_clk      ;
; N/A   ; None         ; 6.606 ns   ; ROM:C2|data_out[0]~reg0 ; t4b[0]     ; t_clk      ;
; N/A   ; None         ; 6.578 ns   ; RAM:C3|Dout[5]~en       ; out_put[5] ; t_clk      ;
; N/A   ; None         ; 6.576 ns   ; RAM:C3|Dout[4]~en       ; out_put[4] ; t_clk      ;
; N/A   ; None         ; 6.556 ns   ; ROM:C2|data_out[7]~en   ; t4b[7]     ; t_clk      ;
; N/A   ; None         ; 6.412 ns   ; ROM:C2|data_out[0]~en   ; t4b[4]     ; t_clk      ;
; N/A   ; None         ; 6.412 ns   ; ROM:C2|data_out[0]~en   ; t4b[0]     ; t_clk      ;
; N/A   ; None         ; 6.375 ns   ; ROM:C2|data_out[1]~reg0 ; t4b[1]     ; t_clk      ;
; N/A   ; None         ; 6.362 ns   ; RAM:C3|Dout[2]~reg0     ; out_put[2] ; t_clk      ;
; N/A   ; None         ; 6.329 ns   ; RAM:C3|Dout[2]~en       ; out_put[2] ; t_clk      ;
; N/A   ; None         ; 5.993 ns   ; ROM:C2|data_out[6]~en   ; t4b[6]     ; t_clk      ;
+-------+--------------+------------+-------------------------+------------+------------+


+--------------------------+
; Timing Analyzer Messages ;
+--------------------------+
Info: *******************************************************************
Info: Running Quartus II Classic Timing Analyzer
    Info: Version 9.1 Build 350 03/24/2010 Service Pack 2 SJ Web Edition
    Info: Processing started: Mon Jan 27 14:49:21 2020
Info: Command: quartus_tan --read_settings_files=off --write_settings_files=off ROM -c ROM --timing_analysis_only
Warning: Found pins functioning as undefined clocks and/or memory enables
    Info: Assuming node "t_clk" is an undefined clock
Info: Clock "t_clk" has Internal fmax of 243.66 MHz between source register "ROM:C2|data_out[0]~en" and destination register "RAM:C3|Ram~20" (period= 4.104 ns)
    Info: + Longest register to register delay is 1.838 ns
        Info: 1: + IC(0.000 ns) + CELL(0.000 ns) = 0.000 ns; Loc. = LCFF_X43_Y33_N9; Fanout = 12; REG Node = 'ROM:C2|data_out[0]~en'
        Info: 2: + IC(0.523 ns) + CELL(0.413 ns) = 0.936 ns; Loc. = LCCOMB_X43_Y33_N12; Fanout = 4; COMB Node = 'ROM:C2|data_out[1]~9'
        Info: 3: + IC(0.669 ns) + CELL(0.149 ns) = 1.754 ns; Loc. = LCCOMB_X44_Y33_N20; Fanout = 1; COMB Node = 'RAM:C3|Ram~20feeder'
        Info: 4: + IC(0.000 ns) + CELL(0.084 ns) = 1.838 ns; Loc. = LCFF_X44_Y33_N21; Fanout = 1; REG Node = 'RAM:C3|Ram~20'
        Info: Total cell delay = 0.646 ns ( 35.15 % )
        Info: Total interconnect delay = 1.192 ns ( 64.85 % )
    Info: - Smallest clock skew is 0.000 ns
        Info: + Shortest clock path from clock "t_clk" to destination register is 2.680 ns
            Info: 1: + IC(0.000 ns) + CELL(0.999 ns) = 0.999 ns; Loc. = PIN_P2; Fanout = 1; CLK Node = 't_clk'
            Info: 2: + IC(0.118 ns) + CELL(0.000 ns) = 1.117 ns; Loc. = CLKCTRL_G3; Fanout = 39; COMB Node = 't_clk~clkctrl'
            Info: 3: + IC(1.026 ns) + CELL(0.537 ns) = 2.680 ns; Loc. = LCFF_X44_Y33_N21; Fanout = 1; REG Node = 'RAM:C3|Ram~20'
            Info: Total cell delay = 1.536 ns ( 57.31 % )
            Info: Total interconnect delay = 1.144 ns ( 42.69 % )
        Info: - Longest clock path from clock "t_clk" to source register is 2.680 ns
            Info: 1: + IC(0.000 ns) + CELL(0.999 ns) = 0.999 ns; Loc. = PIN_P2; Fanout = 1; CLK Node = 't_clk'
            Info: 2: + IC(0.118 ns) + CELL(0.000 ns) = 1.117 ns; Loc. = CLKCTRL_G3; Fanout = 39; COMB Node = 't_clk~clkctrl'
            Info: 3: + IC(1.026 ns) + CELL(0.537 ns) = 2.680 ns; Loc. = LCFF_X43_Y33_N9; Fanout = 12; REG Node = 'ROM:C2|data_out[0]~en'
            Info: Total cell delay = 1.536 ns ( 57.31 % )
            Info: Total interconnect delay = 1.144 ns ( 42.69 % )
    Info: + Micro clock to output delay of source is 0.250 ns
    Info: + Micro setup delay of destination is -0.036 ns
    Info: Delay path is controlled by inverted clocks -- if clock duty cycle is 50%, fmax is divided by two
Info: tco from clock "t_clk" to destination pin "out_put[6]" through register "RAM:C3|Dout[6]~en" is 9.590 ns
    Info: + Longest clock path from clock "t_clk" to source register is 2.699 ns
        Info: 1: + IC(0.000 ns) + CELL(0.999 ns) = 0.999 ns; Loc. = PIN_P2; Fanout = 1; CLK Node = 't_clk'
        Info: 2: + IC(0.118 ns) + CELL(0.000 ns) = 1.117 ns; Loc. = CLKCTRL_G3; Fanout = 39; COMB Node = 't_clk~clkctrl'
        Info: 3: + IC(1.045 ns) + CELL(0.537 ns) = 2.699 ns; Loc. = LCFF_X32_Y35_N11; Fanout = 1; REG Node = 'RAM:C3|Dout[6]~en'
        Info: Total cell delay = 1.536 ns ( 56.91 % )
        Info: Total interconnect delay = 1.163 ns ( 43.09 % )
    Info: + Micro clock to output delay of source is 0.250 ns
    Info: + Longest register to pin delay is 6.641 ns
        Info: 1: + IC(0.000 ns) + CELL(0.000 ns) = 0.000 ns; Loc. = LCFF_X32_Y35_N11; Fanout = 1; REG Node = 'RAM:C3|Dout[6]~en'
        Info: 2: + IC(3.794 ns) + CELL(2.847 ns) = 6.641 ns; Loc. = PIN_AE16; Fanout = 0; PIN Node = 'out_put[6]'
        Info: Total cell delay = 2.847 ns ( 42.87 % )
        Info: Total interconnect delay = 3.794 ns ( 57.13 % )
Info: Quartus II Classic Timing Analyzer was successful. 0 errors, 1 warning
    Info: Peak virtual memory: 133 megabytes
    Info: Processing ended: Mon Jan 27 14:49:22 2020
    Info: Elapsed time: 00:00:01
    Info: Total CPU time (on all processors): 00:00:01


