--------------------------------------------------------------------------------------
Timing Analyzer Summary
--------------------------------------------------------------------------------------

Type           : Worst-case tco
Slack          : N/A
Required Time  : None
Actual Time    : 10.318 ns
From           : counter[0]
To             : D_out[0]
From Clock     : clk
To Clock       : --
Failed Paths   : 0

Type           : Worst-case tpd
Slack          : N/A
Required Time  : None
Actual Time    : 12.547 ns
From           : hazard
To             : D_out[0]
From Clock     : --
To Clock       : --
Failed Paths   : 0

Type           : Clock Setup: 'clk'
Slack          : N/A
Required Time  : None
Actual Time    : Restricted to 420.17 MHz ( period = 2.380 ns )
From           : counter[0]
To             : counter[1]
From Clock     : clk
To Clock       : clk
Failed Paths   : 0

Type           : Total number of failed paths
Slack          : 
Required Time  : 
Actual Time    : 
From           : 
To             : 
From Clock     : 
To Clock       : 
Failed Paths   : 0

--------------------------------------------------------------------------------------

